
 RUN  v4.1.8 E:/heroes 3 BG multi

 ❯ artifacts/far-ai-verification/behavior.test.ts (21 tests | 1 failed | 20 skipped) 238ms
   × round-4 full Bronze core takes FAR income before a leftover home reward 236ms

⎯⎯⎯⎯⎯⎯⎯ Failed Tests 1 ⎯⎯⎯⎯⎯⎯⎯

 FAIL  artifacts/far-ai-verification/behavior.test.ts > round-4 full Bronze core takes FAR income before a leftover home reward
AssertionError: expected { type: 'MOVE_HERO', …(3) } to match object { type: 'MOVE_HERO', to: 'h:9:7' }
(2 matching properties omitted from actual)

- Expected
+ Received

  {
-   "to": "h:9:7",
+   "to": "h:10:8",
    "type": "MOVE_HERO",
  }

 ❯ artifacts/far-ai-verification/behavior.test.ts:165:28
    163|   mine.difficulty = 1;
    164|   const entry = drive(state, s => Boolean(s.combat));
    165|   expect(entry.actions[0]).toMatchObject({ type: "MOVE_HERO", to: sett…
       |                            ^
    166|   expect(getMainHero(entry.state, "p2")?.movementPoints).toBe(2);
    167| });

⎯⎯⎯⎯⎯⎯⎯⎯⎯⎯⎯⎯⎯⎯⎯⎯⎯⎯⎯⎯⎯⎯⎯⎯[1/1]⎯


 Test Files  1 failed (1)
      Tests  1 failed | 20 skipped (21)
   Start at  15:54:46
   Duration  18.05s (transform 14.82s, setup 0ms, import 17.31s, tests 238ms, environment 0ms)

