
 RUN  v4.1.8 E:/heroes 3 BG multi

 ❯ src/components/adventure/module-gate-board.test.tsx (7 tests | 1 failed) 956ms
     × creature_bank: the hex opens its INSIDE ring and keeps the printed outer arc 244ms
Debugger listening on ws://127.0.0.1:9229/2b40c0f4-a5a3-4483-a663-4f4cb9b64f65
For help, see: https://nodejs.org/en/docs/inspector
Debugger attached.
Debugger ending on ws://127.0.0.1:9229/2b40c0f4-a5a3-4483-a663-4f4cb9b64f65
For help, see: https://nodejs.org/en/docs/inspector
Not implemented: HTMLMediaElement's play() method
Not implemented: HTMLMediaElement's play() method
Not implemented: HTMLMediaElement's play() method
Not implemented: HTMLMediaElement's play() method
Not implemented: HTMLMediaElement's play() method
Not implemented: HTMLMediaElement's play() method
Not implemented: HTMLMediaElement's play() method
Not implemented: HTMLMediaElement's play() method
Not implemented: HTMLMediaElement's play() method
Not implemented: HTMLMediaElement's play() method
Not implemented: HTMLMediaElement's play() method
Not implemented: HTMLMediaElement's play() method
Not implemented: HTMLMediaElement's play() method
Not implemented: HTMLMediaElement's play() method
Not implemented: HTMLMediaElement's play() method
Not implemented: HTMLMediaElement's play() method
Not implemented: HTMLMediaElement's play() method
Not implemented: HTMLMediaElement's play() method
Not implemented: HTMLMediaElement's play() method
Not implemented: HTMLMediaElement's play() method
Not implemented: HTMLMediaElement's play() method
Not implemented: HTMLMediaElement's play() method
Not implemented: HTMLMediaElement's play() method
Not implemented: HTMLMediaElement's play() method
Not implemented: HTMLMediaElement's play() method
Not implemented: HTMLMediaElement's play() method
Not implemented: HTMLMediaElement's play() method
Not implemented: HTMLMediaElement's play() method
Not implemented: HTMLMediaElement's play() method
Not implemented: HTMLMediaElement's play() method
Not implemented: HTMLMediaElement's play() method
Not implemented: HTMLMediaElement's play() method
Not implemented: HTMLMediaElement's play() method
Not implemented: HTMLMediaElement's play() method
Not implemented: HTMLMediaElement's play() method
Not implemented: HTMLMediaElement's play() method
Not implemented: HTMLMediaElement's play() method
Not implemented: HTMLMediaElement's play() method
Not implemented: HTMLMediaElement's play() method
Not implemented: HTMLMediaElement's play() method
Not implemented: HTMLMediaElement's play() method
Not implemented: HTMLMediaElement's play() method
Not implemented: HTMLMediaElement's play() method
Not implemented: HTMLMediaElement's play() method
Not implemented: HTMLMediaElement's play() method
Not implemented: HTMLMediaElement's play() method
Not implemented: HTMLMediaElement's play() method
Not implemented: HTMLMediaElement's play() method
Not implemented: HTMLMediaElement's play() method
Not implemented: HTMLMediaElement's play() method
Not implemented: HTMLMediaElement's play() method
Not implemented: HTMLMediaElement's play() method
Not implemented: HTMLMediaElement's play() method
Not implemented: HTMLMediaElement's play() method
Not implemented: HTMLMediaElement's play() method
Not implemented: HTMLMediaElement's play() method
Not implemented: HTMLMediaElement's play() method
Not implemented: HTMLMediaElement's play() method
Not implemented: HTMLMediaElement's play() method
Not implemented: HTMLMediaElement's play() method
Not implemented: HTMLMediaElement's play() method
Not implemented: HTMLMediaElement's play() method

⎯⎯⎯⎯⎯⎯⎯ Failed Tests 1 ⎯⎯⎯⎯⎯⎯⎯

 FAIL  src/components/adventure/module-gate-board.test.tsx > a Gate carved over a Blocked Field draws only the printed OUTER arc on the board > creature_bank: the hex opens its INSIDE ring and keeps the printed outer arc
AssertionError: the carve keeps only its outward containment arc: expected 30 to be 33 // Object.is equality

- Expected
+ Received

- 33
+ 30

 ❯ src/components/adventure/module-gate-board.test.tsx:88:9
     86|         carvedLines,
     87|         "the carve keeps only its outward containment arc",
     88|       ).toBe(printedLines - 3);
       |         ^
     89|     });
     90|

⎯⎯⎯⎯⎯⎯⎯⎯⎯⎯⎯⎯⎯⎯⎯⎯⎯⎯⎯⎯⎯⎯⎯⎯[1/1]⎯


 Test Files  1 failed | 246 passed (247)
      Tests  1 failed | 2393 passed (2394)
   Start at  09:11:32
   Duration  877.47s (transform 48.16s, setup 0ms, import 343.84s, tests 1020.52s, environment 300.66s)

