
 RUN  v4.1.8 E:/heroes 3 BG multi

 ❯ src/engine/elemental-veterancy.test.ts (70 tests | 1 failed) 309ms

⎯⎯⎯⎯⎯⎯⎯ Failed Tests 1 ⎯⎯⎯⎯⎯⎯⎯

 FAIL  src/engine/elemental-veterancy.test.ts > Elemental experience combat outcomes > copies Prayer's initiative option as a real Power-zero effect
AssertionError: [{"code":"ACTION_NOT_LEGAL","message":"That action is not legal in the current game state."}]: expected [ { code: 'ACTION_NOT_LEGAL', …(1) } ] to deeply equal []

- Expected
+ Received

- []
+ [
+   {
+     "code": "ACTION_NOT_LEGAL",
+     "message": "That action is not legal in the current game state.",
+   },
+ ]

 ❯ ok src/engine/elemental-veterancy.test.ts:70:56
     68| function ok(s: GameState, a: GameAction) {
     69|   const result = applyAction(s, a);
     70|   expect(result.errors, JSON.stringify(result.errors)).toEqual([]);
       |                                                        ^
     71|   return result.state;
     72| }
     × copies Prayer's initiative option as a real Power-zero effect 24ms

 Test Files  1 failed (1)
      Tests  1 failed | 69 passed (70)
   Start at  08:51:01
   Duration  21.50s (transform 19.13s, setup 0ms, import 20.57s, tests 309ms, environment 0ms)

 ❯ src/engine/elemental-veterancy.test.ts:516:16

⎯⎯⎯⎯⎯⎯⎯⎯⎯⎯⎯⎯⎯⎯⎯⎯⎯⎯⎯⎯⎯⎯⎯⎯[1/1]⎯

